// Vitest Snapshot v1, https://vitest.dev/guide/snapshot.html

exports[`FlightListContainer > Should renders and match snapshot 1`] = `
<div>
  <div
    data-testid="flight-table"
  />
</div>
`;
